Γû▓ Next.js 16.1.6 (Turbopack)

  Creating an optimized production build ...
Γ£ô Compiled successfully in 7.8s
  Running TypeScript ...
  Collecting page data using 7 workers ...
  Generating static pages using 7 workers (0/13) ...
  Generating static pages using 7 workers (3/13) 
  Generating static pages using 7 workers (6/13) 
  Generating static pages using 7 workers (9/13) 
Γ£ô Generating static pages using 7 workers (13/13) in 619.8ms
  Finalizing page optimization ...

Route (app)
Γöî Γùï /
Γö£ Γùï /_not-found
Γö£ Γùï /billing
Γö£ Γùï /dashboard
Γö£ Γùï /login
Γö£ Γùï /projects
Γö£ Γùï /reports
Γö£ Γùï /scanner
Γö£ Γùï /settings
Γö£ Γùï /signup
Γöö Γùï /team


Γùï  (Static)  prerendered as static content

